MAP
  NAME "HB.Habitats"
  STATUS ON
  SIZE 400 300
  EXTENT 4021379 2871487 4214276 3093359
  UNITS meters
  SHAPEPATH "../data"
  IMAGECOLOR 255 255 255
  CONFIG "MS_ERRORFILE" "/var/www/inspire/dok/ms_error.txt"
  DEBUG 5


  #
  # Start of web interface definition
  #
  WEB
    IMAGEPATH "/var/www/inspire/static/tmp/"
    IMAGEURL "/static/tmp/"
  

  METADATA
  "ows_languages" "eng,ger"               #first default, values according ISO 639-2/B, Entscheidung noch ausstehend
  "ows_inspire_capabilities" "embed"
  #root layer nicht ladbar machen
  "wms_rootlayer_name"     ""
  "wms_rootlayer_title.eng" "HabitatsAndBiotopes"
  "wms_rootlayer_title.ger" "Biotope"
  "wms_rootlayer_abstract.eng" "root layer of view service Hb.Habitat not loadable"
  "wms_rootlayer_abstract.ger" "Gesamtlayer des inspire Themas Biotope nicht ladbar"
  # extended capabilities
  "ows_inspire_temporal_reference" "2022-09-17"     #date of last revision, value according YYYY-MM-DD
  "ows_inspire_mpoc_name" "eLGIS"                                          #point of contact
  "ows_inspire_mpoc_email" "lemke@elgis.de"           #point of contact, no personal email
  "ows_inspire_metadatadate" "2022-11-02"
  "ows_inspire_resourcelocator" "http://geoapi.elgis.de/cgi-bin/wfs/hb_wms"
  "ows_inspire_keyword" "infoMapAccessService"                                  #value according "classification of spatial data services"
  #wms metadata
  "wms_title.eng"   "WMS Habitats And Biotopes RLP"
  "wms_title.ger"   "WMS Biotope für inspire"
  "wms_abstract.eng" "inspire view service habitats and biotopes according to annex III inspire regulation"
  "wms_abstract.ger" "inspire Kartendienst für Biotope in Rheinland-Pfalz entsprechend Annex III Thema der inspire Richtlinie"
  "wms_onlineresource"   "http://geoapi.elgis.de/cgi-bin/wfs/hb_wms"
  "wms_keywordlist_vocabulary" "GEMET"   
  "wms_keywordlist_GEMET_items" "habitat,biotope"
  "wms_accessconstraints" "licence (OdBl 3.0)"
  "wms_fees" "no conditions apply"
  "wms_contactperson" "Frank Lemke"
  "wms_contactorganization" "elgis"
  "wms_contactposition" "pointOfContact"
  "wms_contactvoicetelephone" "+4922249601567"
  "wms_contactelectronicmailaddress" "lemke@elgis.de"
  "wms_postcode" "D-53572"
  "wms_address" "Am Kelter 6"
  "wms_city" "Unkel"
  "wms_stateorprovince" "Rhineland-Pallatine"
  "wms_country" "DE"
  "wms_addresstype" "postale"  
  "wms_srs" "EPSG:3035 EPSG:4269 EPSG:4326 EPSG:25832" 
  "wms_enable_request" "*"
  END
END
  PROJECTION
    "init=epsg:3035"
  END

  #
  # Start of layer definitions
  #

  ##################
  # HabitatsAndBiotopes
  ##################
  LAYER
    NAME "HB.Habitat"
    METADATA
      "wms_title"         "Habitat" ##REQUIRED
      "wms_abstract.eng" "habitat data from Rhineland-Pallatine"
      "wms_abstract.ger" "Daten der Biotopkartierung von Rheinland-Pfalz"
      "wms_srs"           "EPSG:3035" ## REQUIRED
      "wms_keywordlist_vocabulary" "GEMET"   
      "wms_keywordlist_GEMET_items" "habitat,biotope"
      "gml_include_items" "all" ## Optional (serves all attributes for layer)
      "wms_authorityurl_name" "neu anlegen"
      "wms_authorityurl_href" "neu anlegen"
      "wms_identifier_authority" "neu anlegen"
      "wms_identifier_value" "developer"
      "wms_metadataurl_format" "text/xml"
      "wms_metadataurl_href"  "neu anlegen/kartendienste_naturschutz/mod_metadata/ajax/getxml.php?id=5182"                                                                             
      "wms_metadataurl_type" "TC211"
    END 
    
    TYPE POLYGON
    STATUS ON
    CONNECTIONTYPE OGR
    CONNECTION "/var/www/inspire/db.sqlite3"
    DATA "hb_habitat"
    PROJECTION
      "init=epsg:3035"
    END
    CLASS
      NAME 'hb'
      STYLE
        OPACITY 50
        COLOR 80 80 80
        OUTLINECOLOR 0 0 0
      END
    END
  END #layer

END #mapfile